{:redemptions=>[{:id=>"r_0f194e118fc61bbaad", :object=>"redemption", :date=>2024-07-23 06:30:24.575 UTC, :metadata=>nil, :redemption=>"r_0f194e118e061bbaac", :result=>"SUCCESS", :status=>"SUCCEEDED", :order=>{:id=>"ord_0f194e1019861bba9c", :source_id=>nil, :amount=>20000, :total_amount=>20000, :metadata=>{}, :object=>"order"}, :voucher=>{:id=>"v_WQMQ9HCC74rQNE4JY1sgeXiQlhIn8V27", :code=>"PlBMRQPe", :campaign_id=>"camp_YbDkurbbeo63f5ZnvSlRHGHv", :category_id=>nil, :type=>"DISCOUNT_VOUCHER", :discount=>{:type=>"AMOUNT", :amount_off=>1000.0}, :start_date=>nil, :expiration_date=>nil, :active=>true, :metadata=>{}, :is_referral_code=>false, :created_at=>2024-07-23 06:30:20.241 UTC, :updated_at=>2024-07-23 06:30:24.569 UTC, :object=>"voucher", :redemption=>{:quantity=>nil, :redeemed_quantity=>1, :object=>"list"}}}, {:id=>"r_0f194e118fc61bbaae", :object=>"redemption", :date=>2024-07-23 06:30:24.575 UTC, :metadata=>nil, :redemption=>"r_0f194e118e061bbaac", :result=>"SUCCESS", :status=>"SUCCEEDED", :order=>{:id=>"ord_0f194e1019861bba9c", :source_id=>nil, :amount=>20000, :total_amount=>20000, :metadata=>{}, :object=>"order"}, :voucher=>{:id=>"v_7fMMnLeCbjahVqaOiZ0z3GRC8xP5i6JB", :code=>"qFXpSNKZ", :campaign=>"eBeAJePcZz", :campaign_id=>"camp_YbDkurbbeo63f5ZnvSlRHGHv", :category_id=>nil, :type=>"DISCOUNT_VOUCHER", :discount=>{:type=>"AMOUNT", :amount_off=>1000.0}, :start_date=>nil, :expiration_date=>nil, :active=>true, :metadata=>{}, :is_referral_code=>false, :created_at=>2024-07-23 06:30:20.321 UTC, :updated_at=>2024-07-23 06:30:24.569 UTC, :object=>"voucher", :redemption=>{:quantity=>nil, :redeemed_quantity=>1, :object=>"list"}}}, {:id=>"r_0f194e118fc61bbaaf", :object=>"redemption", :date=>2024-07-23 06:30:24.575 UTC, :metadata=>nil, :redemption=>"r_0f194e118e061bbaac", :result=>"SUCCESS", :status=>"SUCCEEDED", :order=>{:id=>"ord_0f194e1019861bba9c", :source_id=>nil, :amount=>20000, :total_amount=>20000, :metadata=>{}, :object=>"order"}, :voucher=>{:id=>"v_n2AA3fwzoB9Lvb6a7EgSXDglKx3lEIpY", :code=>"fXMXbHZt", :campaign=>"eBeAJePcZz", :campaign_id=>"camp_YbDkurbbeo63f5ZnvSlRHGHv", :category_id=>nil, :type=>"DISCOUNT_VOUCHER", :discount=>{:type=>"AMOUNT", :amount_off=>1000.0}, :start_date=>nil, :expiration_date=>nil, :active=>true, :metadata=>{}, :is_referral_code=>false, :created_at=>2024-07-23 06:30:20.401 UTC, :updated_at=>2024-07-23 06:30:24.569 UTC, :object=>"voucher", :redemption=>{:quantity=>nil, :redeemed_quantity=>1, :object=>"list"}}}, {:id=>"r_0f194e118fc61bbab0", :object=>"redemption", :date=>2024-07-23 06:30:24.575 UTC, :metadata=>nil, :redemption=>"r_0f194e118e061bbaac", :result=>"SUCCESS", :status=>"SUCCEEDED", :order=>{:id=>"ord_0f194e1019861bba9c", :source_id=>nil, :amount=>20000, :total_amount=>20000, :metadata=>{}, :object=>"order"}, :voucher=>{:id=>"v_slufMoAhCmeeGxEaQAZKMct007WC8zo1", :code=>"1BM6rc2H", :campaign=>"eBeAJePcZz", :campaign_id=>"camp_YbDkurbbeo63f5ZnvSlRHGHv", :category_id=>nil, :type=>"DISCOUNT_VOUCHER", :discount=>{:type=>"AMOUNT", :amount_off=>1000.0}, :start_date=>nil, :expiration_date=>nil, :active=>true, :metadata=>{}, :is_referral_code=>false, :created_at=>2024-07-23 06:30:20.484 UTC, :updated_at=>2024-07-23 06:30:24.569 UTC, :object=>"voucher", :redemption=>{:quantity=>nil, :redeemed_quantity=>1, :object=>"list"}}}, {:id=>"r_0f194e118fc61bbab1", :object=>"redemption", :date=>2024-07-23 06:30:24.575 UTC, :metadata=>nil, :redemption=>"r_0f194e118e061bbaac", :result=>"SUCCESS", :status=>"SUCCEEDED", :order=>{:id=>"ord_0f194e1019861bba9c", :source_id=>nil, :amount=>20000, :total_amount=>20000, :metadata=>{}, :object=>"order"}, :voucher=>{:id=>"v_SthzYY0UPBdEjT18BTfGAga2yU0jvTy0", :code=>"gLSPeu7v", :campaign=>"eBeAJePcZz", :campaign_id=>"camp_YbDkurbbeo63f5ZnvSlRHGHv", :category_id=>nil, :type=>"DISCOUNT_VOUCHER", :discount=>{:type=>"AMOUNT", :amount_off=>1000.0}, :start_date=>nil, :expiration_date=>nil, :active=>true, :metadata=>{}, :is_referral_code=>false, :created_at=>2024-07-23 06:30:20.634 UTC, :updated_at=>2024-07-23 06:30:24.569 UTC, :object=>"voucher", :redemption=>{:quantity=>nil, :redeemed_quantity=>1, :object=>"list"}}}], :parent_redemption=>{:id=>"r_0f194e118e061bbaac", :object=>"redemption", :date=>2024-07-23 06:30:24.575 UTC, :metadata=>nil, :result=>"SUCCESS", :status=>"SUCCEEDED", :order=>{:id=>"ord_0f194e1019861bba9c", :source_id=>nil, :created_at=>2024-07-23 06:30:24.558 UTC, :status=>"PAID", :amount=>20000, :total_amount=>20000, :applied_discount_amount=>0, :total_applied_discount_amount=>0, :metadata=>{}, :customer_id=>nil, :referrer_id=>nil, :object=>"order"}}, :order=>{:id=>"ord_0f194e1019861bba9c", :source_id=>nil, :created_at=>2024-07-23 06:30:24.558 UTC, :updated_at=>nil, :status=>"PAID", :amount=>20000, :total_amount=>20000, :applied_discount_amount=>0, :total_applied_discount_amount=>0, :metadata=>{}, :customer_id=>nil, :referrer_id=>nil, :object=>"order"}, :inapplicable_redeemables=>[], :skipped_redeemables=>[{:status=>"SKIPPED", :id=>"ZculyR1T", :object=>"voucher", :result=>{:details=>{:key=>"applicable_redeemables_limit_exceeded", :message=>"Applicable redeemables limit exceeded"}}, :metadata=>{}}, {:status=>"SKIPPED", :id=>"63N0AUZV", :object=>"voucher", :result=>{:details=>{:key=>"applicable_redeemables_limit_exceeded", :message=>"Applicable redeemables limit exceeded"}}, :metadata=>{}}, {:status=>"SKIPPED", :id=>"xqBlT7Du", :object=>"voucher", :result=>{:details=>{:key=>"applicable_redeemables_limit_exceeded", :message=>"Applicable redeemables limit exceeded"}}, :metadata=>{}}, {:status=>"SKIPPED", :id=>"ImrOXU89", :object=>"voucher", :result=>{:details=>{:key=>"applicable_redeemables_limit_exceeded", :message=>"Applicable redeemables limit exceeded"}}, :metadata=>{}}, {:status=>"SKIPPED", :id=>"bpoEYo6d", :object=>"voucher", :result=>{:details=>{:key=>"applicable_redeemables_limit_exceeded", :message=>"Applicable redeemables limit exceeded"}}, :metadata=>{}}, {:status=>"SKIPPED", :id=>"MTJ0zRcs", :object=>"voucher", :result=>{:details=>{:key=>"applicable_redeemables_limit_exceeded", :message=>"Applicable redeemables limit exceeded"}}, :metadata=>{}}, {:status=>"SKIPPED", :id=>"Ygiwtqob", :object=>"voucher", :result=>{:details=>{:key=>"applicable_redeemables_limit_exceeded", :message=>"Applicable redeemables limit exceeded"}}, :metadata=>{}}, {:status=>"SKIPPED", :id=>"w2qPOubz", :object=>"voucher", :result=>{:details=>{:key=>"applicable_redeemables_limit_exceeded", :message=>"Applicable redeemables limit exceeded"}}, :metadata=>{}}, {:status=>"SKIPPED", :id=>"klKw2FLm", :object=>"voucher", :result=>{:details=>{:key=>"applicable_redeemables_limit_exceeded", :message=>"Applicable redeemables limit exceeded"}}, :metadata=>{}}, {:status=>"SKIPPED", :id=>"lPYtawXI", :object=>"voucher", :result=>{:details=>{:key=>"applicable_redeemables_limit_exceeded", :message=>"Applicable redeemables limit exceeded"}}, :metadata=>{}}, {:status=>"SKIPPED", :id=>"ZK1vmfJi", :object=>"voucher", :result=>{:details=>{:key=>"applicable_redeemables_limit_exceeded", :message=>"Applicable redeemables limit exceeded"}}, :metadata=>{}}, {:status=>"SKIPPED", :id=>"zwR91a6W", :object=>"voucher", :result=>{:details=>{:key=>"applicable_redeemables_limit_exceeded", :message=>"Applicable redeemables limit exceeded"}}, :metadata=>{}}, {:status=>"SKIPPED", :id=>"aCH78rSf", :object=>"voucher", :result=>{:details=>{:key=>"applicable_redeemables_limit_exceeded", :message=>"Applicable redeemables limit exceeded"}}, :metadata=>{}}, {:status=>"SKIPPED", :id=>"wI117BUk", :object=>"voucher", :result=>{:details=>{:key=>"applicable_redeemables_limit_exceeded", :message=>"Applicable redeemables limit exceeded"}}, :metadata=>{}}, {:status=>"SKIPPED", :id=>"3cCpJQoQ", :object=>"voucher", :result=>{:details=>{:key=>"applicable_redeemables_limit_exceeded", :message=>"Applicable redeemables limit exceeded"}}, :metadata=>{}}, {:status=>"SKIPPED", :id=>"8R6PIfYc", :object=>"voucher", :result=>{:details=>{:key=>"applicable_redeemables_limit_exceeded", :message=>"Applicable redeemables limit exceeded"}}, :metadata=>{}}, {:status=>"SKIPPED", :id=>"GS5ezW8t", :object=>"voucher", :result=>{:details=>{:key=>"applicable_redeemables_limit_exceeded", :message=>"Applicable redeemables limit exceeded"}}, :metadata=>{}}, {:status=>"SKIPPED", :id=>"75SUhZty", :object=>"voucher", :result=>{:details=>{:key=>"applicable_redeemables_limit_exceeded", :message=>"Applicable redeemables limit exceeded"}}, :metadata=>{}}, {:status=>"SKIPPED", :id=>"5TfhtGxm", :object=>"voucher", :result=>{:details=>{:key=>"applicable_redeemables_limit_exceeded", :message=>"Applicable redeemables limit exceeded"}}, :metadata=>{}}, {:status=>"SKIPPED", :id=>"3iJ92cjw", :object=>"voucher", :result=>{:details=>{:key=>"applicable_redeemables_limit_exceeded", :message=>"Applicable redeemables limit exceeded"}}, :metadata=>{}}, {:status=>"SKIPPED", :id=>"UDFCLdwo", :object=>"voucher", :result=>{:details=>{:key=>"applicable_redeemables_limit_exceeded", :message=>"Applicable redeemables limit exceeded"}}, :metadata=>{}}, {:status=>"SKIPPED", :id=>"Jbob0r4E", :object=>"voucher", :result=>{:details=>{:key=>"applicable_redeemables_limit_exceeded", :message=>"Applicable redeemables limit exceeded"}}, :metadata=>{}}, {:status=>"SKIPPED", :id=>"BDbIgZhw", :object=>"voucher", :result=>{:details=>{:key=>"applicable_redeemables_limit_exceeded", :message=>"Applicable redeemables limit exceeded"}}, :metadata=>{}}, {:status=>"SKIPPED", :id=>"ySxJSuxF", :object=>"voucher", :result=>{:details=>{:key=>"applicable_redeemables_limit_exceeded", :message=>"Applicable redeemables limit exceeded"}}, :metadata=>{}}, {:status=>"SKIPPED", :id=>"MGNlYMdz", :object=>"voucher", :result=>{:details=>{:key=>"applicable_redeemables_limit_exceeded", :message=>"Applicable redeemables limit exceeded"}}, :metadata=>{}}]}
