{:redemptions=>[{:id=>"r_0f1a027ac2c35feebe", :object=>"redemption", :date=>2024-07-23 19:38:38.219 UTC, :metadata=>nil, :result=>"SUCCESS", :status=>"SUCCEEDED", :order=>{:id=>"ord_0f1a027a59035fee8a", :source_id=>nil, :created_at=>2024-07-23 19:38:38.2 UTC, :status=>"PAID", :amount=>20000, :total_amount=>20000, :applied_discount_amount=>0, :total_applied_discount_amount=>0, :metadata=>{}, :customer_id=>nil, :referrer_id=>nil, :object=>"order"}, :voucher=>{:id=>"v_gEV33KabjnQlmsC63vi4uwX913cJPDGj", :code=>"89wNPhnh", :campaign_id=>"camp_aK9Bt0or55wJULNY1NHT1OXo", :category_id=>nil, :type=>"DISCOUNT_VOUCHER", :discount=>{:type=>"AMOUNT", :amount_off=>1000.0}, :start_date=>nil, :expiration_date=>nil, :active=>true, :metadata=>{}, :is_referral_code=>false, :created_at=>2024-07-23 19:38:34.202 UTC, :updated_at=>2024-07-23 19:38:38.216 UTC, :holder_id=>"cust_tAXEl8AMNS8u3LsJa7YYZmLu", :object=>"voucher", :redemption=>{:quantity=>nil, :redeemed_quantity=>1, :object=>"list"}}}], :order=>{:id=>"ord_0f1a027a59035fee8a", :source_id=>nil, :created_at=>2024-07-23 19:38:38.2 UTC, :updated_at=>nil, :status=>"PAID", :amount=>20000, :total_amount=>20000, :applied_discount_amount=>0, :total_applied_discount_amount=>0, :metadata=>{}, :customer_id=>nil, :referrer_id=>nil, :object=>"order"}, :inapplicable_redeemables=>[], :skipped_redeemables=>[]}
