{:id=>"prod_0f195744834fdfca4f", :source_id=>"4Y95wO6oqC", :name=>"5XBz3x85Ih", :price=>20000, :attributes=>["color", "memory", "processor"], :metadata=>{}, :image_url=>nil, :created_at=>2024-07-23 07:10:36.045 UTC, :updated_at=>nil, :object=>"product"}