{:id=>"prod_0f196144c3061bd523", :source_id=>"MH0KpKo5Ca", :name=>"KIhOoH74Ze", :price=>20000, :attributes=>["color", "memory", "processor"], :metadata=>{}, :image_url=>nil, :created_at=>2024-07-23 07:54:17.74 UTC, :updated_at=>nil, :object=>"product"}