{:object=>"list", :data_ref=>"skus", :skus=>[{:id=>"sku_0f1974063d1102f5a3", :source_id=>"HBiwAuJmmq", :product_id=>"prod_0f19740559cfdfbd84", :sku=>nil, :price=>2000, :currency=>nil, :attributes=>{:color=>"red", :memory=>"16GB", :processor=>"Intel Core i7"}, :image_url=>nil, :metadata=>{}, :created_at=>2024-07-23 09:16:14.452 UTC, :updated_at=>2024-07-23 09:16:14.527 UTC, :object=>"sku"}], :total=>1}