{:id=>"prod_0f1964f20c0fdf9bf0", :source_id=>"M8cUTbOMO9", :name=>"N5XKu3jQ9X", :price=>55000, :attributes=>["color", "memory", "processor"], :metadata=>{}, :image_url=>nil, :created_at=>2024-07-23 08:10:21.616 UTC, :updated_at=>2024-07-23 08:10:21.832 UTC, :object=>"product"}