{:object=>"list", :data_ref=>"orders", :orders=>[{:id=>"ord_0f1a05f696156bea39", :source_id=>nil, :created_at=>2024-07-23 19:53:51.446 UTC, :updated_at=>2024-07-23 19:53:51.605 UTC, :status=>"PAID", :amount=>30000, :total_amount=>30000, :items=>[{:product_id=>"test_order_item1", :quantity=>1, :object=>"order_item"}, {:product_id=>"test_order_item2", :quantity=>1, :object=>"order_item"}], :customer_id=>nil, :referrer_id=>nil, :object=>"order"}, {:id=>"ord_0f1a05f46ad56be9c2", :source_id=>nil, :created_at=>2024-07-23 19:53:51.222 UTC, :updated_at=>2024-07-23 19:53:51.243 UTC, :status=>"PAID", :amount=>20000, :total_amount=>20000, :metadata=>{}, :customer_id=>nil, :referrer_id=>nil, :object=>"order"}, {:id=>"ord_0f1a05f1744805fc0d", :source_id=>nil, :created_at=>2024-07-23 19:53:46.593 UTC, :updated_at=>2024-07-23 19:53:46.606 UTC, :status=>"PAID", :amount=>20000, :total_amount=>20000, :metadata=>{}, :customer_id=>nil, :referrer_id=>nil, :object=>"order"}, {:id=>"ord_0f1a05af58156be396", :source_id=>nil, :created_at=>2024-07-23 19:52:40.498 UTC, :updated_at=>2024-07-23 19:52:40.52 UTC, :status=>"PAID", :amount=>20000, :total_amount=>20000, :metadata=>{}, :customer_id=>nil, :referrer_id=>nil, :object=>"order"}, {:id=>"ord_0f1a05a76f035fab05", :source_id=>nil, :created_at=>2024-07-23 19:52:30.792 UTC, :updated_at=>2024-07-23 19:52:30.808 UTC, :status=>"PAID", :amount=>20000, :total_amount=>20000, :metadata=>{}, :customer_id=>nil, :referrer_id=>nil, :object=>"order"}, {:id=>"ord_0f1a03e3bc556bc24b", :source_id=>nil, :created_at=>2024-07-23 19:44:49.835 UTC, :updated_at=>2024-07-23 19:44:49.856 UTC, :status=>"PAID", :amount=>20000, :total_amount=>20000, :metadata=>{}, :customer_id=>nil, :referrer_id=>nil, :object=>"order"}, {:id=>"ord_0f1a03e0b34805d723", :source_id=>nil, :created_at=>2024-07-23 19:44:45.147 UTC, :updated_at=>2024-07-23 19:44:45.162 UTC, :status=>"PAID", :amount=>20000, :total_amount=>20000, :metadata=>{}, :customer_id=>nil, :referrer_id=>nil, :object=>"order"}, {:id=>"ord_0f1a032617035ffcc1", :source_id=>nil, :created_at=>2024-07-23 19:41:35.668 UTC, :updated_at=>2024-07-23 19:41:35.685 UTC, :status=>"PAID", :amount=>20000, :total_amount=>20000, :metadata=>{}, :customer_id=>nil, :referrer_id=>nil, :object=>"order"}, {:id=>"ord_0f1a0322e0156bb314", :source_id=>nil, :created_at=>2024-07-23 19:41:30.762 UTC, :updated_at=>2024-07-23 19:41:30.775 UTC, :status=>"PAID", :amount=>20000, :total_amount=>20000, :metadata=>{}, :customer_id=>nil, :referrer_id=>nil, :object=>"order"}, {:id=>"ord_0f1a02b90e156ba9d4", :source_id=>nil, :created_at=>2024-07-23 19:39:43.966 UTC, :updated_at=>2024-07-23 19:39:43.984 UTC, :status=>"PAID", :amount=>20000, :total_amount=>20000, :metadata=>{}, :customer_id=>nil, :referrer_id=>nil, :object=>"order"}], :total=>873}