{:id=>"ord_0f1a05f696156bea39", :source_id=>nil, :created_at=>2024-07-23 19:53:51.446 UTC, :updated_at=>2024-07-23 19:53:51.605 UTC, :status=>"PAID", :amount=>30000, :total_amount=>30000, :items=>[{:product_id=>"test_order_item1", :quantity=>1, :object=>"order_item"}, {:product_id=>"test_order_item2", :quantity=>1, :object=>"order_item"}], :customer_id=>nil, :referrer_id=>nil, :object=>"order"}