{:valid=>true, :redeemables=>[{:status=>"APPLICABLE", :id=>"uvpwFwUq", :object=>"voucher", :order=>{:amount=>20000, :items_discount_amount=>1000, :total_discount_amount=>1000, :total_amount=>19000, :items_applied_discount_amount=>1000, :total_applied_discount_amount=>1000, :items=>[{:product_id=>"prod_0f12e3b6979102f711", :related_object=>"product", :quantity=>1, :discount_quantity=>1, :amount=>20000, :discount_amount=>1000, :applied_discount_amount=>1000, :price=>20000, :subtotal_amount=>19000, :product=>{:id=>"prod_0f12e3b6979102f711"}, :object=>"order_item"}], :metadata=>{}, :customer_id=>"cust_Ad9sAC67TWG7TW17g7gFk8Ik", :referrer_id=>nil, :object=>"order", :customer=>{:id=>"cust_Ad9sAC67TWG7TW17g7gFk8Ik", :object=>"customer"}}, :applicable_to=>{:data=>[{:object=>"product", :id=>"prod_0f12e3b6979102f711", :strict=>false, :effect=>"APPLY_TO_EVERY", :order_item_indices=>[0]}], :total=>1, :object=>"list", :data_ref=>"data"}, :inapplicable_to=>{:data=>[], :total=>0, :object=>"list", :data_ref=>"data"}, :result=>{:discount=>{:type=>"AMOUNT", :amount_off=>1000.0, :effect=>"APPLY_TO_ITEMS", :is_dynamic=>false}}, :metadata=>{}}], :order=>{:amount=>20000, :items_discount_amount=>1000, :total_discount_amount=>1000, :total_amount=>19000, :items_applied_discount_amount=>1000, :total_applied_discount_amount=>1000, :items=>[{:product_id=>"prod_0f12e3b6979102f711", :related_object=>"product", :quantity=>1, :discount_quantity=>1, :amount=>20000, :discount_amount=>1000, :applied_discount_amount=>1000, :price=>20000, :subtotal_amount=>19000, :product=>{:id=>"prod_0f12e3b6979102f711"}, :object=>"order_item"}], :metadata=>{}, :customer_id=>"cust_Ad9sAC67TWG7TW17g7gFk8Ik", :referrer_id=>nil, :object=>"order", :customer=>{:id=>"cust_Ad9sAC67TWG7TW17g7gFk8Ik", :object=>"customer"}}, :tracking_id=>"track_xW97+jMGrs3w4fKeZ7khHQ==", :stacking_rules=>{}}
