{:valid=>false, :tracking_id=>"track_zenNrTA+7PuHSEodU6NVow==", :stacking_rules=>{}}
