{:amount=>20000, :items_discount_amount=>1000, :total_discount_amount=>1000, :total_amount=>19000, :items_applied_discount_amount=>1000, :total_applied_discount_amount=>1000, :items=>[{:product_id=>"prod_0f1485fe890fdfa04c", :related_object=>"product", :quantity=>1, :discount_quantity=>1, :amount=>20000, :discount_amount=>1000, :applied_discount_amount=>1000, :price=>20000, :subtotal_amount=>19000, :product=>{:id=>"prod_0f1485fe890fdfa04c"}, :object=>"order_item"}], :metadata=>{}, :customer_id=>"cust_224bSBrXn787wpNLOBeIXfGf", :referrer_id=>nil, :object=>"order", :customer=>{:id=>"cust_224bSBrXn787wpNLOBeIXfGf", :object=>"customer"}}