{:id=>"v_bAR5IbtVW7cTumZX2xhhM8gXwRqh5Fzh", :code=>"pSQZKBbg", :campaign_id=>"camp_MI1Tx7bM0VLuxPZ0SLulKynt", :category=>nil, :category_id=>nil, :categories=>[], :type=>"DISCOUNT_VOUCHER", :discount=>{:type=>"AMOUNT", :amount_off=>1000.0}, :gift=>nil, :loyalty_card=>nil, :start_date=>nil, :expiration_date=>nil, :active=>true, :additional_info=>nil, :metadata=>{}, :assets=>{:qr=>{:id=>"822ffcae-7d0d-4160-bb38-4dafb658b5a7", :url=>"https://dl.voucherify.io/api/v1/assets/qr/822ffcae-7d0d-4160-bb38-4dafb658b5a7"}, :barcode=>{:id=>"e25bda37-520c-40e7-b1d1-286832139c1c", :url=>"https://dl.voucherify.io/api/v1/assets/barcode/e25bda37-520c-40e7-b1d1-286832139c1c"}}, :is_referral_code=>false, :created_at=>2024-07-23 19:19:24.84 UTC, :updated_at=>2024-07-23 19:19:27.927 UTC, :holder_id=>"cust_vwTmznp5uly1bGPuTGGKEtez", :object=>"voucher", :validation_rules_assignments=>{:object=>"list", :data_ref=>"data", :data=>[{:id=>"asgm_jo81MZXYzuXHf8Mn", :rule_id=>"val_DKimJLXDkh5A", :related_object_id=>"camp_MI1Tx7bM0VLuxPZ0SLulKynt", :related_object_type=>"campaign", :created_at=>2024-07-23 19:19:24.495 UTC, :object=>"validation_rules_assignment"}], :total=>1}, :publish=>{:object=>"list", :count=>1, :url=>"/v1/vouchers/pSQZKBbg/publications?page=1&limit=10"}, :redemption=>{:quantity=>nil, :redeemed_quantity=>0, :object=>"list", :url=>"/v1/vouchers/pSQZKBbg/redemptions?page=1&limit=10"}}
