{:id=>"v_2ADOeinuR0l2GCHdlURDvJpyW5Jv7nZQ", :code=>"0HeEGdjS", :campaign_id=>"camp_ZU5NZQ9ZWzx7JiLQsDQoN2Sg", :category=>nil, :category_id=>nil, :categories=>[], :type=>"DISCOUNT_VOUCHER", :discount=>{:type=>"AMOUNT", :amount_off=>1000.0}, :gift=>nil, :loyalty_card=>nil, :start_date=>nil, :expiration_date=>nil, :active=>true, :additional_info=>nil, :metadata=>{}, :assets=>{:qr=>{:id=>"5d802065-1dbe-41e7-b43d-0d52215e4587"}, :barcode=>{:id=>"b4836915-970c-43b5-bca0-3eba298b27d6", :url=>"https://dl.voucherify.io/api/v1/assets/barcode/b4836915-970c-43b5-bca0-3eba298b27d6"}}, :is_referral_code=>false, :created_at=>2024-07-23 09:23:39.436 UTC, :updated_at=>nil, :object=>"voucher", :validation_rules_assignments=>{:object=>"list", :data_ref=>"data", :data=>[{:id=>"asgm_9wLBC1VwcFE9Qz1u", :rule_id=>"val_xGjBfc7Hp9el", :related_object_id=>"camp_ZU5NZQ9ZWzx7JiLQsDQoN2Sg", :related_object_type=>"campaign", :created_at=>2024-07-23 09:23:39.05 UTC, :object=>"validation_rules_assignment"}], :total=>1}, :publish=>{:object=>"list", :count=>0, :url=>"/v1/vouchers/0HeEGdjS/publications?page=1&limit=10"}, :redemption=>{:quantity=>nil, :redeemed_quantity=>0, :object=>"list", :url=>"/v1/vouchers/0HeEGdjS/redemptions?page=1&limit=10"}}
