{:id=>"v_m3PBv78p3LTnNxq5n8v3BMRv0yLTd3pF", :code=>"kQigsE1C", :campaign_id=>"camp_rd6S7Qo07powts7IM4CKx1ai", :category=>nil, :category_id=>nil, :categories=>[], :type=>"LOYALTY_CARD", :gift=>nil, :loyalty_card=>{:points=>1000, :balance=>1000}, :start_date=>nil, :expiration_date=>nil, :active=>true, :additional_info=>nil, :metadata=>{}, :assets=>{:qr=>{:id=>"108fbfa2-7fe3-4d80-97db-342401c97393", :url=>"https://dl.voucherify.io/api/v1/assets/qr/108fbfa2-7fe3-4d80-97db-342401c97393"}, :barcode=>{:id=>"346f7bef-5c0c-4a93-ad18-2496656c909e", :url=>"https://dl.voucherify.io/api/v1/assets/barcode/346f7bef-5c0c-4a93-ad18-2496656c909e"}}, :is_referral_code=>false, :created_at=>2024-07-23 10:56:50.03 UTC, :updated_at=>nil, :object=>"voucher", :validation_rules_assignments=>{:object=>"list", :data_ref=>"data", :data=>[], :total=>0}, :publish=>{:object=>"list", :count=>0, :url=>"/v1/vouchers/kQigsE1C/publications?page=1&limit=10"}, :redemption=>{:quantity=>nil, :redeemed_quantity=>0, :redeemed_points=>0, :object=>"list", :url=>"/v1/vouchers/kQigsE1C/redemptions?page=1&limit=10"}}
