{:id=>"camp_9n0mF3VAcpG0Wc3HpfC9x8FE", :name=>"jHZp79U4ni", :campaign_type=>"PROMOTION", :type=>"STATIC", :auto_join=>false, :join_once=>false, :use_voucher_metadata_schema=>false, :active=>true, :created_at=>2024-07-23 09:23:39.132 UTC, :creation_status=>"DONE", :vouchers_generation_status=>"DONE", :protected=>false, :category_id=>nil, :categories=>[], :object=>"campaign", :promotion=>{:object=>"list", :data_ref=>"tiers", :tiers=>[{:id=>"promo_dHQO0tUkTwFl1oBnhjlzWiew", :created_at=>2024-07-23 09:23:39.137 UTC, :name=>"wfEuoTvJj6", :banner=>"pjMkrc25bA", :action=>{:discount=>{:type=>"AMOUNT", :amount_off=>1000.0}}, :metadata=>{}, :hierarchy=>1, :promotion_id=>"camp_9n0mF3VAcpG0Wc3HpfC9x8FE", :campaign=>{:id=>"camp_9n0mF3VAcpG0Wc3HpfC9x8FE", :start_date=>nil, :expiration_date=>nil, :active=>true, :object=>"campaign"}, :campaign_id=>"camp_9n0mF3VAcpG0Wc3HpfC9x8FE", :active=>true, :summary=>{:redemptions=>{:total_redeemed=>0}, :orders=>{:total_amount=>0, :total_discount_amount=>0}}, :object=>"promotion_tier", :category_id=>nil, :categories=>[]}], :total=>1, :has_more=>false}}