{:id=>"camp_LVvO49Vd99HeazTuUA3CZOFW", :name=>"bKof5vZlVp", :campaign_type=>"LOYALTY_PROGRAM", :type=>"STATIC", :voucher=>{:type=>"LOYALTY_CARD", :loyalty_card=>{:points=>1000}, :redemption=>{:quantity=>nil}, :code_config=>{:length=>8.0, :charset=>"0123456789abcdefghijklmnopqrstuvwxyzABCDEFGHIJKLMNOPQRSTUVWXYZ", :pattern=>"########"}, :is_referral_code=>false}, :auto_join=>false, :join_once=>false, :use_voucher_metadata_schema=>true, :vouchers_count=>0, :active=>true, :created_at=>2024-07-23 09:23:39.226 UTC, :creation_status=>"DONE", :vouchers_generation_status=>"DONE", :protected=>false, :category_id=>nil, :categories=>[], :object=>"campaign", :validation_rules_assignments=>{:object=>"list", :data_ref=>"data", :data=>[], :total=>0}}