{:id=>"camp_lEoP0MhYX1IjzWIZ5pSiKJIZ", :name=>"ydt4xpPQrw", :campaign_type=>"DISCOUNT_COUPONS", :type=>"AUTO_UPDATE", :voucher=>{:type=>"DISCOUNT_VOUCHER", :discount=>{:type=>"AMOUNT", :amount_off=>1000.0}, :redemption=>{:quantity=>nil}, :code_config=>{:length=>8.0, :charset=>"0123456789abcdefghijklmnopqrstuvwxyzABCDEFGHIJKLMNOPQRSTUVWXYZ", :pattern=>"########"}, :is_referral_code=>false}, :auto_join=>false, :join_once=>false, :use_voucher_metadata_schema=>true, :vouchers_count=>0, :active=>true, :created_at=>2024-07-23 11:51:19.79 UTC, :creation_status=>"DONE", :vouchers_generation_status=>"DONE", :protected=>false, :category_id=>nil, :categories=>[], :object=>"campaign", :validation_rules_assignments=>{:object=>"list", :data_ref=>"data", :data=>[{:id=>"asgm_9nOpVkzOQRiN9WZO", :rule_id=>"val_G60ksRivTwFl", :related_object_id=>"camp_lEoP0MhYX1IjzWIZ5pSiKJIZ", :related_object_type=>"campaign", :created_at=>2024-07-23 11:51:19.797 UTC, :object=>"validation_rules_assignment"}], :total=>1}}