{:id=>"camp_ZU5NZQ9ZWzx7JiLQsDQoN2Sg", :name=>"7VvrbNgCQz", :campaign_type=>"DISCOUNT_COUPONS", :type=>"AUTO_UPDATE", :voucher=>{:type=>"DISCOUNT_VOUCHER", :discount=>{:type=>"AMOUNT", :amount_off=>1000.0}, :redemption=>{:quantity=>nil}, :code_config=>{:length=>8.0, :charset=>"0123456789abcdefghijklmnopqrstuvwxyzABCDEFGHIJKLMNOPQRSTUVWXYZ", :pattern=>"########"}, :is_referral_code=>false}, :auto_join=>false, :join_once=>false, :use_voucher_metadata_schema=>true, :vouchers_count=>0, :active=>true, :created_at=>2024-07-23 09:23:38.966 UTC, :creation_status=>"DONE", :vouchers_generation_status=>"DONE", :protected=>false, :category_id=>nil, :categories=>[], :object=>"campaign", :validation_rules_assignments=>{:object=>"list", :data_ref=>"data", :data=>[{:id=>"asgm_9wLBC1VwcFE9Qz1u", :rule_id=>"val_xGjBfc7Hp9el", :related_object_id=>"camp_ZU5NZQ9ZWzx7JiLQsDQoN2Sg", :related_object_type=>"campaign", :created_at=>2024-07-23 09:23:39.05 UTC, :object=>"validation_rules_assignment"}], :total=>1}}