{:id=>"asgm_lUyF1i7aNfYqsPpS", :rule_id=>"val_1AP52Rv2BLAH", :related_object_id=>"v_7sWatjDPW1euTMaGk9BdtJ3223m6iftW", :related_object_type=>"voucher", :created_at=>2024-07-24 07:15:23.268 UTC, :object=>"validation_rules_assignment"}