{:id=>"del_SOZhIE2k4Zh7gF5VB81eBZAX", :created_at=>2024-07-23 12:27:33.288 UTC, :related_object_id=>"cust_Rk2bn6dkXRF56hALcd5SGzIA", :related_object=>"customer", :status=>"DONE", :data_json=>{:events=>0, :daily_events=>0, :segments=>0, :orders=>1, :customer=>1}, :object=>"pernament_deletion"}