{:object=>"list", :data_ref=>"data", :data=>[{:id=>"vtx_0f1aa1f3d8480580b2", :source_id=>nil, :voucher_id=>"v_2P1uNm5WiyAmO1S5Fd1AnLmoYTs4ZEln", :campaign_id=>"camp_glFExoLTVEVCFcoE337R4d7z", :source=>nil, :reason=>nil, :type=>"POINTS_ADDITION", :details=>{:balance=>{:type=>"loyalty_card", :total=>13000, :object=>"balance", :points=>2000, :balance=>13000, :related_object=>{:id=>"v_2P1uNm5WiyAmO1S5Fd1AnLmoYTs4ZEln", :type=>"voucher"}}}, :related_transaction_id=>nil, :created_at=>2024-07-24 07:15:23.099 UTC}, {:id=>"vtx_0f1aa1eb49956be596", :source_id=>"CfneTLId3K", :voucher_id=>"v_2P1uNm5WiyAmO1S5Fd1AnLmoYTs4ZEln", :campaign_id=>"camp_glFExoLTVEVCFcoE337R4d7z", :source=>"API", :reason=>"Regular customer", :type=>"POINTS_ADDITION", :details=>{:balance=>{:type=>"loyalty_card", :total=>11000, :object=>"balance", :points=>10000, :balance=>11000, :related_object=>{:id=>"v_2P1uNm5WiyAmO1S5Fd1AnLmoYTs4ZEln", :type=>"voucher"}}}, :related_transaction_id=>nil, :created_at=>2024-07-24 07:15:14.336 UTC}], :has_more=>false}