{:points=>2000, :total=>13000, :balance=>13000, :type=>"loyalty_card", :object=>"balance", :related_object=>{:type=>"voucher", :id=>"v_2P1uNm5WiyAmO1S5Fd1AnLmoYTs4ZEln"}, :operation_type=>"MANUAL"}